fixture language: Python
units (7):
  [0] example/math_helpers.add (callees=[])
  [1] example/math_helpers.multiply (callees=[example/math_helpers.add])
  [2] example/math_helpers.(Counter).bump (callees=[example/math_helpers.add])
  [3] example/math_helpers.(Counter).value (callees=[])
  [4] example/math_helpers.is_even+example/math_helpers.is_odd (callees=[])
  [5] example/main.main (callees=[example/math_helpers.add example/math_helpers.multiply example/math_helpers.(Counter).bump example/math_helpers.(Counter).value example/math_helpers.is_even+example/math_helpers.is_odd])
  [6] example/math_helpers.(Counter).__init__ (callees=[])
types (1):
  example/math_helpers.Counter (type, methods=[example/math_helpers.(Counter).__init__ example/math_helpers.(Counter).bump example/math_helpers.(Counter).value])
external symbols (1):
  python-stdlib/builtins::print

== prompt 0 :: type=example/math_helpers.Counter :: pass=type_summary ==
You are analyzing a Python type named Counter to summarize what it represents.

```
class Counter:
    """Counter accumulates a running total."""

    def __init__(self) -> None:
        """Creates a zeroed counter."""
        self.n: int = 0

    def bump(self) -> int:
        """Increments by one, returns the new value."""
        self.n = add(self.n, 1)
        return self.n

    def value(self) -> int:
        """Returns the current value."""
        return self.n
```

Documentation: Counter accumulates a running total.

Methods:
- `def __init__(` — Creates a zeroed counter.
- `def bump(` — Increments by one, returns the new value.
- `def value(` — Returns the current value.

Analyze this type and respond with JSON in this exact format:
{
  "purpose": "One sentence: what this type represents, from a caller's perspective",
  "behavior": "Lifecycle, mutability, and how instances behave across method calls",
  "invariants": ["invariants that hold across all method calls"],
  "security": ["security-relevant state, contracts, or data this type is responsible for"]
}

Field guidance:
- purpose: describe the concept the type models, not the syntactic shape (e.g. "a thread-safe counter", not "a struct with an int field")
- behavior: lifetime, mutability, thread-safety, cloneability, and any state transitions enforced by the methods
- invariants: conditions the type guarantees to hold between method calls (e.g. "value is always non-negative"); empty array if none apply
- security: sensitive data held, trust boundaries crossed, validation responsibilities; empty array if nothing security-relevant applies

== prompt 1 :: unit=example/math_helpers.add :: pass=summary ==
You are analyzing a Python function to create a summary of its behavior.

```
def add(a: int, b: int) -> int:
    """Adds two numbers."""
    return a + b
```

Analyze this function and respond with JSON in this exact format:
{
  "purpose": "One sentence describing what this function does",
  "behavior": "How it behaves - side effects, return conditions, error cases",
  "invariants": ["preconditions", "postconditions", "guarantees"],
  "security": ["security-relevant properties for callers to know"]
}

Field guidance:
- purpose: one sentence from the caller's perspective — what the function does, not how; do not restate the function name
- behavior: edge cases, side effects, non-obvious return value semantics, and error conditions; do not repeat the happy path already captured in purpose
- invariants: observable contracts — preconditions the caller must satisfy (e.g. "input must be non-empty"), postconditions guaranteed on success (e.g. "returned pointer is never nil"), and invariants that always hold; use an empty array if none apply
- security: include only if security-relevant: whether inputs are validated or sanitized, whether authentication or authorization is enforced, whether sensitive data is handled, whether output is escaped; use an empty array if nothing security-relevant applies

== prompt 2 :: unit=example/math_helpers.add :: pass=baseline ==
You are reviewing Python code for logical correctness.

```
def add(a: int, b: int) -> int:
    """Adds two numbers."""
    return a + b
```

## Function Summary
Purpose: test purpose
Behavior: test behavior
Invariants:
- test invariant

Does this function correctly implement what it claims to do? Look for:

Implementation vs. Intent:
- Behavior that contradicts the declared purpose, invariants, or documented error conditions
- A code path that returns success when it should return an error, or vice versa
- A precondition stated in the summary that the implementation does not actually enforce

Logic Errors:
- Inverted boolean conditions (== where != is needed, < where > is needed)
- Wrong logical operator (&& vs ||) that produces incorrect short-circuit behavior
- Off-by-one errors in loop bounds, index expressions, or size calculations
- Unreachable code following an unconditional return, panic, or continue
- A switch or if-else chain that silently omits a case that must be handled
- Integer overflow or underflow in arithmetic that is not guarded

Control Flow:
- A loop that cannot terminate under reachable inputs
- Early return that skips required cleanup or postcondition logic
- Error path that falls through to success-path code

Severity scale: "critical" = exploitable security flaw or data corruption; "high" = incorrect behavior in normal use; "medium" = incorrect in edge cases or degraded reliability; "low" = poor practice with high probability of causing future bugs; "info" = minor concern.

Respond with JSON. The "line" field must be the line number. The "code" field must contain the exact line of code where the issue occurs, copied verbatim from the code block above.

Example:
{"issues": [{"function": "ParseConfig", "line": 42, "code": "	query := \"SELECT * FROM users WHERE id=\" + id", "severity": "critical", "message": "SQL injection via string concatenation", "suggestion": "Use parameterized query"}]}

If no issues found, return {"issues": []}.

== prompt 3 :: unit=example/math_helpers.multiply :: pass=summary ==
You are analyzing a Python function to create a summary of its behavior.

```
def multiply(a: int, b: int) -> int:
    """Multiplies via repeated addition."""
    result = 0
    for _ in range(b):
        result = add(result, a)
    return result
```

## Called Functions

### example/math_helpers.add
Purpose: test purpose
Behavior: test behavior
Invariants:
- test invariant

Analyze this function and respond with JSON in this exact format:
{
  "purpose": "One sentence describing what this function does",
  "behavior": "How it behaves - side effects, return conditions, error cases",
  "invariants": ["preconditions", "postconditions", "guarantees"],
  "security": ["security-relevant properties for callers to know"]
}

Field guidance:
- purpose: one sentence from the caller's perspective — what the function does, not how; do not restate the function name
- behavior: edge cases, side effects, non-obvious return value semantics, and error conditions; do not repeat the happy path already captured in purpose
- invariants: observable contracts — preconditions the caller must satisfy (e.g. "input must be non-empty"), postconditions guaranteed on success (e.g. "returned pointer is never nil"), and invariants that always hold; use an empty array if none apply
- security: include only if security-relevant: whether inputs are validated or sanitized, whether authentication or authorization is enforced, whether sensitive data is handled, whether output is escaped; use an empty array if nothing security-relevant applies

== prompt 4 :: unit=example/math_helpers.multiply :: pass=baseline ==
You are reviewing Python code for logical correctness.

```
def multiply(a: int, b: int) -> int:
    """Multiplies via repeated addition."""
    result = 0
    for _ in range(b):
        result = add(result, a)
    return result
```

## Function Summary
Purpose: test purpose
Behavior: test behavior
Invariants:
- test invariant

Does this function correctly implement what it claims to do? Look for:

Implementation vs. Intent:
- Behavior that contradicts the declared purpose, invariants, or documented error conditions
- A code path that returns success when it should return an error, or vice versa
- A precondition stated in the summary that the implementation does not actually enforce

Logic Errors:
- Inverted boolean conditions (== where != is needed, < where > is needed)
- Wrong logical operator (&& vs ||) that produces incorrect short-circuit behavior
- Off-by-one errors in loop bounds, index expressions, or size calculations
- Unreachable code following an unconditional return, panic, or continue
- A switch or if-else chain that silently omits a case that must be handled
- Integer overflow or underflow in arithmetic that is not guarded

Control Flow:
- A loop that cannot terminate under reachable inputs
- Early return that skips required cleanup or postcondition logic
- Error path that falls through to success-path code

Severity scale: "critical" = exploitable security flaw or data corruption; "high" = incorrect behavior in normal use; "medium" = incorrect in edge cases or degraded reliability; "low" = poor practice with high probability of causing future bugs; "info" = minor concern.

Respond with JSON. The "line" field must be the line number. The "code" field must contain the exact line of code where the issue occurs, copied verbatim from the code block above.

Example:
{"issues": [{"function": "ParseConfig", "line": 42, "code": "	query := \"SELECT * FROM users WHERE id=\" + id", "severity": "critical", "message": "SQL injection via string concatenation", "suggestion": "Use parameterized query"}]}

If no issues found, return {"issues": []}.

== prompt 5 :: unit=example/math_helpers.(Counter).bump :: pass=summary ==
You are analyzing a Python function to create a summary of its behavior.

```
    def bump(self) -> int:
        """Increments by one, returns the new value."""
        self.n = add(self.n, 1)
        return self.n
```

## Receiver Type: type Counter
Counter accumulates a running total.

```
class Counter:
    """Counter accumulates a running total."""

    def __init__(self) -> None:
        """Creates a zeroed counter."""
        self.n: int = 0

    def bump(self) -> int:
        """Increments by one, returns the new value."""
        self.n = add(self.n, 1)
        return self.n

    def value(self) -> int:
        """Returns the current value."""
        return self.n
```

Purpose: test type purpose
Behavior: test type behavior
Type invariants:
- test type invariant

Other methods on Counter:
- `def __init__(` — Creates a zeroed counter.
- `def value(` — Returns the current value.

## Called Functions

### example/math_helpers.add
Purpose: test purpose
Behavior: test behavior
Invariants:
- test invariant

Analyze this function and respond with JSON in this exact format:
{
  "purpose": "One sentence describing what this function does",
  "behavior": "How it behaves - side effects, return conditions, error cases",
  "invariants": ["preconditions", "postconditions", "guarantees"],
  "security": ["security-relevant properties for callers to know"]
}

Field guidance:
- purpose: one sentence from the caller's perspective — what the function does, not how; do not restate the function name
- behavior: edge cases, side effects, non-obvious return value semantics, and error conditions; do not repeat the happy path already captured in purpose
- invariants: observable contracts — preconditions the caller must satisfy (e.g. "input must be non-empty"), postconditions guaranteed on success (e.g. "returned pointer is never nil"), and invariants that always hold; use an empty array if none apply
- security: include only if security-relevant: whether inputs are validated or sanitized, whether authentication or authorization is enforced, whether sensitive data is handled, whether output is escaped; use an empty array if nothing security-relevant applies

== prompt 6 :: unit=example/math_helpers.(Counter).bump :: pass=baseline ==
You are reviewing Python code for logical correctness.

```
    def bump(self) -> int:
        """Increments by one, returns the new value."""
        self.n = add(self.n, 1)
        return self.n
```

## Receiver Type: type Counter
Counter accumulates a running total.

```
class Counter:
    """Counter accumulates a running total."""

    def __init__(self) -> None:
        """Creates a zeroed counter."""
        self.n: int = 0

    def bump(self) -> int:
        """Increments by one, returns the new value."""
        self.n = add(self.n, 1)
        return self.n

    def value(self) -> int:
        """Returns the current value."""
        return self.n
```

Purpose: test type purpose
Behavior: test type behavior
Type invariants:
- test type invariant

Other methods on Counter:
- `def __init__(` — Creates a zeroed counter.
- `def value(` — Returns the current value.

## Function Summary
Purpose: test purpose
Behavior: test behavior
Invariants:
- test invariant

Does this function correctly implement what it claims to do? Look for:

Implementation vs. Intent:
- Behavior that contradicts the declared purpose, invariants, or documented error conditions
- A code path that returns success when it should return an error, or vice versa
- A precondition stated in the summary that the implementation does not actually enforce

Logic Errors:
- Inverted boolean conditions (== where != is needed, < where > is needed)
- Wrong logical operator (&& vs ||) that produces incorrect short-circuit behavior
- Off-by-one errors in loop bounds, index expressions, or size calculations
- Unreachable code following an unconditional return, panic, or continue
- A switch or if-else chain that silently omits a case that must be handled
- Integer overflow or underflow in arithmetic that is not guarded

Control Flow:
- A loop that cannot terminate under reachable inputs
- Early return that skips required cleanup or postcondition logic
- Error path that falls through to success-path code

Severity scale: "critical" = exploitable security flaw or data corruption; "high" = incorrect behavior in normal use; "medium" = incorrect in edge cases or degraded reliability; "low" = poor practice with high probability of causing future bugs; "info" = minor concern.

Respond with JSON. The "line" field must be the line number. The "code" field must contain the exact line of code where the issue occurs, copied verbatim from the code block above.

Example:
{"issues": [{"function": "ParseConfig", "line": 42, "code": "	query := \"SELECT * FROM users WHERE id=\" + id", "severity": "critical", "message": "SQL injection via string concatenation", "suggestion": "Use parameterized query"}]}

If no issues found, return {"issues": []}.

== prompt 7 :: unit=example/math_helpers.(Counter).value :: pass=summary ==
You are analyzing a Python function to create a summary of its behavior.

```
    def value(self) -> int:
        """Returns the current value."""
        return self.n
```

## Receiver Type: type Counter
Counter accumulates a running total.

```
class Counter:
    """Counter accumulates a running total."""

    def __init__(self) -> None:
        """Creates a zeroed counter."""
        self.n: int = 0

    def bump(self) -> int:
        """Increments by one, returns the new value."""
        self.n = add(self.n, 1)
        return self.n

    def value(self) -> int:
        """Returns the current value."""
        return self.n
```

Purpose: test type purpose
Behavior: test type behavior
Type invariants:
- test type invariant

Other methods on Counter:
- `def __init__(` — Creates a zeroed counter.
- `def bump(` — Increments by one, returns the new value.

Analyze this function and respond with JSON in this exact format:
{
  "purpose": "One sentence describing what this function does",
  "behavior": "How it behaves - side effects, return conditions, error cases",
  "invariants": ["preconditions", "postconditions", "guarantees"],
  "security": ["security-relevant properties for callers to know"]
}

Field guidance:
- purpose: one sentence from the caller's perspective — what the function does, not how; do not restate the function name
- behavior: edge cases, side effects, non-obvious return value semantics, and error conditions; do not repeat the happy path already captured in purpose
- invariants: observable contracts — preconditions the caller must satisfy (e.g. "input must be non-empty"), postconditions guaranteed on success (e.g. "returned pointer is never nil"), and invariants that always hold; use an empty array if none apply
- security: include only if security-relevant: whether inputs are validated or sanitized, whether authentication or authorization is enforced, whether sensitive data is handled, whether output is escaped; use an empty array if nothing security-relevant applies

== prompt 8 :: unit=example/math_helpers.(Counter).value :: pass=baseline ==
You are reviewing Python code for logical correctness.

```
    def value(self) -> int:
        """Returns the current value."""
        return self.n
```

## Receiver Type: type Counter
Counter accumulates a running total.

```
class Counter:
    """Counter accumulates a running total."""

    def __init__(self) -> None:
        """Creates a zeroed counter."""
        self.n: int = 0

    def bump(self) -> int:
        """Increments by one, returns the new value."""
        self.n = add(self.n, 1)
        return self.n

    def value(self) -> int:
        """Returns the current value."""
        return self.n
```

Purpose: test type purpose
Behavior: test type behavior
Type invariants:
- test type invariant

Other methods on Counter:
- `def __init__(` — Creates a zeroed counter.
- `def bump(` — Increments by one, returns the new value.

## Function Summary
Purpose: test purpose
Behavior: test behavior
Invariants:
- test invariant

Does this function correctly implement what it claims to do? Look for:

Implementation vs. Intent:
- Behavior that contradicts the declared purpose, invariants, or documented error conditions
- A code path that returns success when it should return an error, or vice versa
- A precondition stated in the summary that the implementation does not actually enforce

Logic Errors:
- Inverted boolean conditions (== where != is needed, < where > is needed)
- Wrong logical operator (&& vs ||) that produces incorrect short-circuit behavior
- Off-by-one errors in loop bounds, index expressions, or size calculations
- Unreachable code following an unconditional return, panic, or continue
- A switch or if-else chain that silently omits a case that must be handled
- Integer overflow or underflow in arithmetic that is not guarded

Control Flow:
- A loop that cannot terminate under reachable inputs
- Early return that skips required cleanup or postcondition logic
- Error path that falls through to success-path code

Severity scale: "critical" = exploitable security flaw or data corruption; "high" = incorrect behavior in normal use; "medium" = incorrect in edge cases or degraded reliability; "low" = poor practice with high probability of causing future bugs; "info" = minor concern.

Respond with JSON. The "line" field must be the line number. The "code" field must contain the exact line of code where the issue occurs, copied verbatim from the code block above.

Example:
{"issues": [{"function": "ParseConfig", "line": 42, "code": "	query := \"SELECT * FROM users WHERE id=\" + id", "severity": "critical", "message": "SQL injection via string concatenation", "suggestion": "Use parameterized query"}]}

If no issues found, return {"issues": []}.

== prompt 9 :: unit=example/math_helpers.is_even+example/math_helpers.is_odd :: pass=summary ==
You are analyzing a Python function to create a summary of its behavior.


## Functions (mutually recursive group)

```
def is_even(n: int) -> bool:
    """Mutual recursion: delegates to is_odd."""
    if n == 0:
        return True
    return is_odd(n - 1)
```

```
def is_odd(n: int) -> bool:
    """Mutual recursion: delegates to is_even."""
    if n == 0:
        return False
    return is_even(n - 1)
```


Analyze this function and respond with JSON in this exact format:
{
  "purpose": "One sentence describing what this function does",
  "behavior": "How it behaves - side effects, return conditions, error cases",
  "invariants": ["preconditions", "postconditions", "guarantees"],
  "security": ["security-relevant properties for callers to know"]
}

Field guidance:
- purpose: one sentence from the caller's perspective — what the function does, not how; do not restate the function name
- behavior: edge cases, side effects, non-obvious return value semantics, and error conditions; do not repeat the happy path already captured in purpose
- invariants: observable contracts — preconditions the caller must satisfy (e.g. "input must be non-empty"), postconditions guaranteed on success (e.g. "returned pointer is never nil"), and invariants that always hold; use an empty array if none apply
- security: include only if security-relevant: whether inputs are validated or sanitized, whether authentication or authorization is enforced, whether sensitive data is handled, whether output is escaped; use an empty array if nothing security-relevant applies

== prompt 10 :: unit=example/math_helpers.is_even+example/math_helpers.is_odd :: pass=baseline ==
You are reviewing Python code for logical correctness.


## Functions (mutually recursive group)

```
def is_even(n: int) -> bool:
    """Mutual recursion: delegates to is_odd."""
    if n == 0:
        return True
    return is_odd(n - 1)
```

```
def is_odd(n: int) -> bool:
    """Mutual recursion: delegates to is_even."""
    if n == 0:
        return False
    return is_even(n - 1)
```


## Function Summary
Purpose: test purpose
Behavior: test behavior
Invariants:
- test invariant

Does this function correctly implement what it claims to do? Look for:

Implementation vs. Intent:
- Behavior that contradicts the declared purpose, invariants, or documented error conditions
- A code path that returns success when it should return an error, or vice versa
- A precondition stated in the summary that the implementation does not actually enforce

Logic Errors:
- Inverted boolean conditions (== where != is needed, < where > is needed)
- Wrong logical operator (&& vs ||) that produces incorrect short-circuit behavior
- Off-by-one errors in loop bounds, index expressions, or size calculations
- Unreachable code following an unconditional return, panic, or continue
- A switch or if-else chain that silently omits a case that must be handled
- Integer overflow or underflow in arithmetic that is not guarded

Control Flow:
- A loop that cannot terminate under reachable inputs
- Early return that skips required cleanup or postcondition logic
- Error path that falls through to success-path code

Severity scale: "critical" = exploitable security flaw or data corruption; "high" = incorrect behavior in normal use; "medium" = incorrect in edge cases or degraded reliability; "low" = poor practice with high probability of causing future bugs; "info" = minor concern.

Respond with JSON. The "line" field must be the line number. The "code" field must contain the exact line of code where the issue occurs, copied verbatim from the code block above.

Example:
{"issues": [{"function": "ParseConfig", "line": 42, "code": "	query := \"SELECT * FROM users WHERE id=\" + id", "severity": "critical", "message": "SQL injection via string concatenation", "suggestion": "Use parameterized query"}]}

If no issues found, return {"issues": []}.

== prompt 11 :: unit=example/main.main :: pass=summary ==
You are analyzing a Python function to create a summary of its behavior.

```
def main() -> None:
    """Exercises the math helpers."""
    total = add(1, 2)
    product = multiply(3, 4)
    print(total, product)

    c = Counter()
    c.bump()
    print(c.value())

    print(is_even(42))
```

## Called Functions

### example/math_helpers.add
Purpose: test purpose
Behavior: test behavior
Invariants:
- test invariant

### example/math_helpers.multiply
Purpose: test purpose
Behavior: test behavior
Invariants:
- test invariant

### example/math_helpers.(Counter).bump
Purpose: test purpose
Behavior: test behavior
Invariants:
- test invariant

### example/math_helpers.(Counter).value
Purpose: test purpose
Behavior: test behavior
Invariants:
- test invariant

### example/math_helpers.is_even+example/math_helpers.is_odd
Purpose: test purpose
Behavior: test behavior
Invariants:
- test invariant

## External Functions Used

### python-stdlib/builtins.print
Signature: 
```python
(function) def print(
    *values: object,
    sep: str | None = " ",
    end: str | None = "\n",
    file: SupportsWrite[str] | None = None,
    flush: Literal[False] = False
) -> None
```

Analyze this function and respond with JSON in this exact format:
{
  "purpose": "One sentence describing what this function does",
  "behavior": "How it behaves - side effects, return conditions, error cases",
  "invariants": ["preconditions", "postconditions", "guarantees"],
  "security": ["security-relevant properties for callers to know"]
}

Field guidance:
- purpose: one sentence from the caller's perspective — what the function does, not how; do not restate the function name
- behavior: edge cases, side effects, non-obvious return value semantics, and error conditions; do not repeat the happy path already captured in purpose
- invariants: observable contracts — preconditions the caller must satisfy (e.g. "input must be non-empty"), postconditions guaranteed on success (e.g. "returned pointer is never nil"), and invariants that always hold; use an empty array if none apply
- security: include only if security-relevant: whether inputs are validated or sanitized, whether authentication or authorization is enforced, whether sensitive data is handled, whether output is escaped; use an empty array if nothing security-relevant applies

== prompt 12 :: unit=example/main.main :: pass=baseline ==
You are reviewing Python code for logical correctness.

```
def main() -> None:
    """Exercises the math helpers."""
    total = add(1, 2)
    product = multiply(3, 4)
    print(total, product)

    c = Counter()
    c.bump()
    print(c.value())

    print(is_even(42))
```

## Function Summary
Purpose: test purpose
Behavior: test behavior
Invariants:
- test invariant

Does this function correctly implement what it claims to do? Look for:

Implementation vs. Intent:
- Behavior that contradicts the declared purpose, invariants, or documented error conditions
- A code path that returns success when it should return an error, or vice versa
- A precondition stated in the summary that the implementation does not actually enforce

Logic Errors:
- Inverted boolean conditions (== where != is needed, < where > is needed)
- Wrong logical operator (&& vs ||) that produces incorrect short-circuit behavior
- Off-by-one errors in loop bounds, index expressions, or size calculations
- Unreachable code following an unconditional return, panic, or continue
- A switch or if-else chain that silently omits a case that must be handled
- Integer overflow or underflow in arithmetic that is not guarded

Control Flow:
- A loop that cannot terminate under reachable inputs
- Early return that skips required cleanup or postcondition logic
- Error path that falls through to success-path code

Severity scale: "critical" = exploitable security flaw or data corruption; "high" = incorrect behavior in normal use; "medium" = incorrect in edge cases or degraded reliability; "low" = poor practice with high probability of causing future bugs; "info" = minor concern.

Respond with JSON. The "line" field must be the line number. The "code" field must contain the exact line of code where the issue occurs, copied verbatim from the code block above.

Example:
{"issues": [{"function": "ParseConfig", "line": 42, "code": "	query := \"SELECT * FROM users WHERE id=\" + id", "severity": "critical", "message": "SQL injection via string concatenation", "suggestion": "Use parameterized query"}]}

If no issues found, return {"issues": []}.

== prompt 13 :: unit=example/math_helpers.(Counter).__init__ :: pass=summary ==
You are analyzing a Python function to create a summary of its behavior.

```
    def __init__(self) -> None:
        """Creates a zeroed counter."""
        self.n: int = 0
```

## Receiver Type: type Counter
Counter accumulates a running total.

```
class Counter:
    """Counter accumulates a running total."""

    def __init__(self) -> None:
        """Creates a zeroed counter."""
        self.n: int = 0

    def bump(self) -> int:
        """Increments by one, returns the new value."""
        self.n = add(self.n, 1)
        return self.n

    def value(self) -> int:
        """Returns the current value."""
        return self.n
```

Purpose: test type purpose
Behavior: test type behavior
Type invariants:
- test type invariant

Other methods on Counter:
- `def bump(` — Increments by one, returns the new value.
- `def value(` — Returns the current value.

Analyze this function and respond with JSON in this exact format:
{
  "purpose": "One sentence describing what this function does",
  "behavior": "How it behaves - side effects, return conditions, error cases",
  "invariants": ["preconditions", "postconditions", "guarantees"],
  "security": ["security-relevant properties for callers to know"]
}

Field guidance:
- purpose: one sentence from the caller's perspective — what the function does, not how; do not restate the function name
- behavior: edge cases, side effects, non-obvious return value semantics, and error conditions; do not repeat the happy path already captured in purpose
- invariants: observable contracts — preconditions the caller must satisfy (e.g. "input must be non-empty"), postconditions guaranteed on success (e.g. "returned pointer is never nil"), and invariants that always hold; use an empty array if none apply
- security: include only if security-relevant: whether inputs are validated or sanitized, whether authentication or authorization is enforced, whether sensitive data is handled, whether output is escaped; use an empty array if nothing security-relevant applies

== prompt 14 :: unit=example/math_helpers.(Counter).__init__ :: pass=baseline ==
You are reviewing Python code for logical correctness.

```
    def __init__(self) -> None:
        """Creates a zeroed counter."""
        self.n: int = 0
```

## Receiver Type: type Counter
Counter accumulates a running total.

```
class Counter:
    """Counter accumulates a running total."""

    def __init__(self) -> None:
        """Creates a zeroed counter."""
        self.n: int = 0

    def bump(self) -> int:
        """Increments by one, returns the new value."""
        self.n = add(self.n, 1)
        return self.n

    def value(self) -> int:
        """Returns the current value."""
        return self.n
```

Purpose: test type purpose
Behavior: test type behavior
Type invariants:
- test type invariant

Other methods on Counter:
- `def bump(` — Increments by one, returns the new value.
- `def value(` — Returns the current value.

## Function Summary
Purpose: test purpose
Behavior: test behavior
Invariants:
- test invariant

Does this function correctly implement what it claims to do? Look for:

Implementation vs. Intent:
- Behavior that contradicts the declared purpose, invariants, or documented error conditions
- A code path that returns success when it should return an error, or vice versa
- A precondition stated in the summary that the implementation does not actually enforce

Logic Errors:
- Inverted boolean conditions (== where != is needed, < where > is needed)
- Wrong logical operator (&& vs ||) that produces incorrect short-circuit behavior
- Off-by-one errors in loop bounds, index expressions, or size calculations
- Unreachable code following an unconditional return, panic, or continue
- A switch or if-else chain that silently omits a case that must be handled
- Integer overflow or underflow in arithmetic that is not guarded

Control Flow:
- A loop that cannot terminate under reachable inputs
- Early return that skips required cleanup or postcondition logic
- Error path that falls through to success-path code

Severity scale: "critical" = exploitable security flaw or data corruption; "high" = incorrect behavior in normal use; "medium" = incorrect in edge cases or degraded reliability; "low" = poor practice with high probability of causing future bugs; "info" = minor concern.

Respond with JSON. The "line" field must be the line number. The "code" field must contain the exact line of code where the issue occurs, copied verbatim from the code block above.

Example:
{"issues": [{"function": "ParseConfig", "line": 42, "code": "	query := \"SELECT * FROM users WHERE id=\" + id", "severity": "critical", "message": "SQL injection via string concatenation", "suggestion": "Use parameterized query"}]}

If no issues found, return {"issues": []}.

